{
  "model": "stub",
  "response": "hello world!",
  "done": true
}
